
#define BDM_EN 1

loadcore_IMPORTS_start
I_FlushDcache
I_RegisterLibraryEntries
loadcore_IMPORTS_end

stdio_IMPORTS_start
I_printf
stdio_IMPORTS_end

sysmem_IMPORTS_start
I_AllocSysMemory
sysmem_IMPORTS_end

sysclib_IMPORTS_start
I_memcpy
I_memset
I_strtol
sysclib_IMPORTS_end

intrman_IMPORTS_start
I_DisableIntr
I_EnableIntr
I_RegisterIntrHandler
I_CpuSuspendIntr
I_CpuResumeIntr
intrman_IMPORTS_end

thsemap_IMPORTS_start
I_CreateSema
I_WaitSema
I_SignalSema
I_DeleteSema
thsemap_IMPORTS_end

thevent_IMPORTS_start
I_CreateEventFlag
I_SetEventFlag
I_iSetEventFlag
I_WaitEventFlag
thevent_IMPORTS_end

thbase_IMPORTS_start
I_CreateThread
I_StartThread
I_DeleteThread
I_DelayThread
I_GetSystemTime
I_USec2SysClock
I_SysClock2USec
thbase_IMPORTS_end

/*
emcIfIop_IMPORTS_start
I_sendCmdToPpc
I_regPpcCpMod
I_addModInfo
I_getModInfo
I_varArgCmdToPpc
emcIfIop_IMPORTS_end
*/

/*
sio2man_IMPORTS_start
I_sio2_pad_transfer_init
I_sio2_transfer
I_sio2_transfer_reset
sio2man_IMPORTS_end
*/

#if BDM_EN == 1
bdm_IMPORTS_start
I_bdm_connect_bd
I_bdm_disconnect_bd
bdm_IMPORTS_end
#endif

ioman_IMPORTS_start
I_AddDrv
I_DelDrv

I_open
I_lseek
I_read
I_write
I_close
ioman_IMPORTS_end


